cycle 5/20 done
cycle 10/20 done
cycle 15/20 done
cycle 20/20 done

=== success / failure per tetrahedron (by product pair) ===
        s0        s1        s2        s3      
s0    27/83    17/84    18/106   20/93   
s1    11/83     9/97    11/89    17/85   
s2    17/83    11/106    9/116    8/110  
s3    13/88    10/92    15/97    13/89   

=== individual tetrahedra with failures (tet : fail/success : pair) ===
  tet  0: fail  25  ok   1   pair (s0,s0)
  tet  1: fail  14  ok   4   pair (s0,s0)
  tet  2: fail  11  ok   5   pair (s0,s0)
  tet  3: fail  10  ok   5   pair (s0,s0)
  tet  4: fail  15  ok   6   pair (s0,s0)
  tet  5: fail   8  ok   6   pair (s0,s0)
  tet  6: fail  13  ok   2   pair (s0,s1)
  tet  7: fail   7  ok   2   pair (s0,s1)
  tet  8: fail  16  ok   2   pair (s0,s1)
  tet  9: fail  12  ok   5   pair (s0,s1)
  tet 10: fail  17  ok   3   pair (s0,s1)
  tet 11: fail  19  ok   3   pair (s0,s1)
  tet 12: fail  16  ok   5   pair (s0,s2)
  tet 13: fail  19  ok   4   pair (s0,s2)
  tet 14: fail  21  ok   0   pair (s0,s2)
  tet 15: fail  14  ok   2   pair (s0,s2)
  tet 16: fail  18  ok   5   pair (s0,s2)
  tet 17: fail  18  ok   2   pair (s0,s2)
  tet 18: fail  20  ok   3   pair (s0,s3)
  tet 19: fail  12  ok   5   pair (s0,s3)
  tet 20: fail  13  ok   1   pair (s0,s3)
  tet 21: fail  11  ok   4   pair (s0,s3)
  tet 22: fail  19  ok   4   pair (s0,s3)
  tet 23: fail  18  ok   3   pair (s0,s3)
  tet 24: fail  18  ok   4   pair (s1,s0)
  tet 25: fail  14  ok   1   pair (s1,s0)
  tet 26: fail  13  ok   3   pair (s1,s0)
  tet 27: fail  18  ok   0   pair (s1,s0)
  tet 28: fail   9  ok   1   pair (s1,s0)
  tet 29: fail  11  ok   2   pair (s1,s0)
  tet 30: fail  12  ok   4   pair (s1,s1)
  tet 31: fail  17  ok   1   pair (s1,s1)
  tet 32: fail  15  ok   1   pair (s1,s1)
  tet 33: fail  21  ok   3   pair (s1,s1)
  tet 34: fail  16  ok   0   pair (s1,s1)
  tet 35: fail  16  ok   0   pair (s1,s1)
  tet 36: fail  14  ok   1   pair (s1,s2)
  tet 37: fail  13  ok   2   pair (s1,s2)
  tet 38: fail  19  ok   2   pair (s1,s2)
  tet 39: fail  16  ok   2   pair (s1,s2)
  tet 40: fail   9  ok   2   pair (s1,s2)
  tet 41: fail  18  ok   2   pair (s1,s2)
  tet 42: fail  11  ok   4   pair (s1,s3)
  tet 43: fail  13  ok   3   pair (s1,s3)
  tet 44: fail  15  ok   3   pair (s1,s3)
  tet 45: fail  19  ok   3   pair (s1,s3)
  tet 46: fail  16  ok   1   pair (s1,s3)
  tet 47: fail  11  ok   3   pair (s1,s3)
  tet 48: fail  16  ok   4   pair (s2,s0)
  tet 49: fail  12  ok   1   pair (s2,s0)
  tet 50: fail  14  ok   2   pair (s2,s0)
  tet 51: fail  16  ok   4   pair (s2,s0)
  tet 52: fail  12  ok   4   pair (s2,s0)
  tet 53: fail  13  ok   2   pair (s2,s0)
  tet 54: fail  25  ok   1   pair (s2,s1)
  tet 55: fail  18  ok   0   pair (s2,s1)
  tet 56: fail  21  ok   0   pair (s2,s1)
  tet 57: fail  16  ok   2   pair (s2,s1)
  tet 58: fail  14  ok   3   pair (s2,s1)
  tet 59: fail  12  ok   5   pair (s2,s1)
  tet 60: fail  14  ok   1   pair (s2,s2)
  tet 61: fail  21  ok   0   pair (s2,s2)
  tet 62: fail  23  ok   1   pair (s2,s2)
  tet 63: fail  18  ok   1   pair (s2,s2)
  tet 64: fail  23  ok   4   pair (s2,s2)
  tet 65: fail  17  ok   2   pair (s2,s2)
  tet 66: fail   9  ok   3   pair (s2,s3)
  tet 67: fail  15  ok   2   pair (s2,s3)
  tet 68: fail  19  ok   0   pair (s2,s3)
  tet 69: fail  16  ok   0   pair (s2,s3)
  tet 70: fail  25  ok   1   pair (s2,s3)
  tet 71: fail  26  ok   2   pair (s2,s3)
  tet 72: fail  16  ok   4   pair (s3,s0)
  tet 73: fail   9  ok   5   pair (s3,s0)
  tet 74: fail  19  ok   1   pair (s3,s0)
  tet 75: fail  13  ok   3   pair (s3,s0)
  tet 76: fail  15  ok   0   pair (s3,s0)
  tet 77: fail  16  ok   0   pair (s3,s0)
  tet 78: fail  20  ok   1   pair (s3,s1)
  tet 79: fail  16  ok   0   pair (s3,s1)
  tet 80: fail  14  ok   1   pair (s3,s1)
  tet 81: fail  13  ok   4   pair (s3,s1)
  tet 82: fail  21  ok   2   pair (s3,s1)
  tet 83: fail   8  ok   2   pair (s3,s1)
  tet 84: fail  15  ok   5   pair (s3,s2)
  tet 85: fail  10  ok   2   pair (s3,s2)
  tet 86: fail  18  ok   2   pair (s3,s2)
  tet 87: fail  18  ok   3   pair (s3,s2)
  tet 88: fail  18  ok   1   pair (s3,s2)
  tet 89: fail  18  ok   2   pair (s3,s2)
  tet 90: fail  17  ok   0   pair (s3,s3)
  tet 91: fail  11  ok   3   pair (s3,s3)
  tet 92: fail  17  ok   3   pair (s3,s3)
  tet 93: fail  24  ok   1   pair (s3,s3)
  tet 94: fail  13  ok   3   pair (s3,s3)
  tet 95: fail   7  ok   3   pair (s3,s3)

total attempts: 226 ok, 1501 failed (13.1% ok)
